세팅 base — 기준 행 (요구 없음)
질문 4개 × 3회

     문항   뒤집힘         원문 인용  답 길이  걸린 표지
--------------------------------------------------------------------------------------------
1    N1   정상             없음    232자  
1    N2   정상            25자    910자  
1    N3   정상             없음    124자  
1    N4   정상            34자    225자  
2    N1   정상             없음    212자  
2    N2   ⚠️ 뒤집힘         없음    823자  불가능
2    N3   정상             없음    243자  
2    N4   정상            34자    410자  
3    N1   ⚠️ 뒤집힘        57자    391자  두 번 호출해
3    N2   ⚠️ 뒤집힘         없음   1103자  필요합니다
3    N3   정상             없음    264자  
3    N4   정상             없음   1564자  
--------------------------------------------------------------------------------------------
뒤집힘   : 3/12
원문 인용 : 4/12 (연속 20자 이상)
근거 청크가 검색에 들어온 비율 : 12/12

기록: data/negation/base.json
